// Jest Snapshot v1, https://goo.gl/fbAQLP

exports[`Header renders correctly 1`] = `
<nav
  className="header"
>
  <ul
    className="header__container"
  >
    <li>
      <a
        href="/"
      >
        Home
      </a>
    </li>
    <li>
      <a
        href="/example"
      >
        ExampleList
      </a>
    </li>
    <li>
      <a
        href="/dynamic-route/1482363367071"
      >
        Dynamic route example
      </a>
    </li>
    <li>
      <a
        href="/about"
      >
        About
      </a>
    </li>
  </ul>
</nav>
`;
